// Jest Snapshot v1, https://goo.gl/fbAQLP

exports[`input-icon-addon should render properly 1`] = `
<div
  class="dropdown"
>
  <button
    aria-expanded="false"
    aria-haspopup="true"
    class="custom-select text-left"
  >
    Second
  </button>
  <div
    aria-hidden="true"
    class="dropdown-menu"
    role="menu"
    tabindex="-1"
  >
    <button
      class="dropdown-item"
      role="menuitem"
      tabindex="0"
      type="button"
    >
      First
    </button>
    <button
      class="dropdown-item active"
      role="menuitem"
      tabindex="0"
      type="button"
    >
      Second
    </button>
    <button
      class="dropdown-item"
      role="menuitem"
      tabindex="0"
      type="button"
    >
      Third
    </button>
  </div>
</div>
`;
